TAP version 13
# Subtest: hosted shared publication: empty
ok 1 - hosted shared publication: empty
  ---
  duration_ms: 519.256084
  type: 'test'
  ...
# Subtest: hosted shared publication: single
ok 2 - hosted shared publication: single
  ---
  duration_ms: 630.767833
  type: 'test'
  ...
# Subtest: hosted shared publication: archive
ok 3 - hosted shared publication: archive
  ---
  duration_ms: 1074.18025
  type: 'test'
  ...
1..3
# tests 3
# suites 0
# pass 3
# fail 0
# cancelled 0
# skipped 0
# todo 0
# duration_ms 2259.087542
